// Jest Snapshot v1, https://goo.gl/fbAQLP

exports[`renders correctly 1`] = `
<div
  className="sc-dnqmqq eqfUuj"
>
  <div
    className="sc-bdVaJa fzbFad"
  >
    <div
      className="sc-htpNat zrlvf"
      size="LARGE"
    >
      <label
        className="sc-bxivhb ctASUB"
      >
        Filter
      </label>
      <input
        className="sc-ifAKCX jOZwNh"
        name="filter"
        onChange={[Function]}
        value=""
      />
    </div>
    <button
      className="sc-bwzfXH ppMEU"
      onClick={[Function]}
    >
      Add Customer
    </button>
  </div>
  <div
    className="sc-gZMcBi pTNGW"
  >
    <span
      className="sc-gqjmRU jcjFtD"
    >
      Showing 1 Customers
    </span>
    <div
      className="sc-gzVnrw jnQJaE"
    >
      <div>
        <div
          className="sc-htpNat bZZHvT"
          size="SMALL"
        >
          <label
            className="sc-bxivhb ctASUB"
          >
            Name:
          </label>
          <span
            className="sc-EHOje kyfnqM"
          >
             
          </span>
        </div>
        <div
          className="sc-htpNat bZZHvT"
          size="SMALL"
        >
          <label
            className="sc-bxivhb ctASUB"
          >
            Date of Birth:
          </label>
          <span
            className="sc-EHOje kyfnqM"
          >
            Invalid Date
          </span>
        </div>
      </div>
      <span
        className="sc-bZQynM kzlsZH"
      >
        <div
          className="sc-htoDjs bYJfks"
          onClick={[Function]}
        >
          <svg
            viewBox="0 0 24 24"
          >
            <path
              d="M3 17.25V21h3.75L17.81 9.94l-3.75-3.75L3 17.25zM20.71 7.04c.39-.39.39-1.02 0-1.41l-2.34-2.34c-.39-.39-1.02-.39-1.41 0l-1.83 1.83 3.75 3.75 1.83-1.83z"
            />
            <path
              d="M0 0h24v24H0z"
              fill="none"
            />
          </svg>
        </div>
        <div
          className="sc-htoDjs bYJfks"
          onClick={[Function]}
        >
          <svg
            viewBox="0 0 24 24"
          >
            <path
              d="M6 19c0 1.1.9 2 2 2h8c1.1 0 2-.9 2-2V7H6v12zM19 4h-3.5l-1-1h-5l-1 1H5v2h14V4z"
            />
            <path
              d="M0 0h24v24H0z"
              fill="none"
            />
          </svg>
        </div>
      </span>
    </div>
  </div>
  <u
    className="sc-iwsKbI kPFatP"
    onClick={[Function]}
  >
    Back to top
  </u>
</div>
`;
