// Jest Snapshot v1, https://goo.gl/fbAQLP

exports[`renders correctly 1`] = `
<header
  className="sc-bdVaJa isxECK"
>
  <h3>
    Customer Manager
  </h3>
</header>
`;
