// Jest Snapshot v1, https://goo.gl/fbAQLP

exports[`renders correctly 1`] = `
<button
  className="sc-bdVaJa eneQrO"
  onClick={[Function]}
/>
`;
