// Jest Snapshot v1, https://goo.gl/fbAQLP

exports[`renders correctly 1`] = `
<div
  className="sc-bdVaJa bUbkJD"
  size="LARGE"
>
  <label
    className="sc-bwzfXH jNTJqm"
  >
    Label
  </label>
  hi there
</div>
`;
