// Jest Snapshot v1, https://goo.gl/fbAQLP

exports[`renders correctly 1`] = `
<div
  className="sc-bdVaJa eksIDc"
>
  <div
    className="sc-htpNat jabHwM"
    onClick={[Function]}
  />
  <div
    className="sc-bwzfXH hXDBTd"
  />
</div>
`;
