// Jest Snapshot v1, https://goo.gl/fbAQLP

exports[`renders correctly 1`] = `
<div
  className="sc-bdVaJa bFlgqC"
>
  <h1>
    hi
  </h1>
</div>
`;
